// Jest Snapshot v1, https://goo.gl/fbAQLP

exports[`locationActions should create an action for location change 1`] = `
Object {
  "payload": Object {
    "id": 1,
    "name": "Test Location",
  },
  "type": "CHANGE_LOCATION",
}
`;
