// Jest Snapshot v1, https://goo.gl/fbAQLP

exports[`dayCountActions should create an action for set day count 1`] = `
Object {
  "payload": Object {
    "count": 0,
    "date": "2018-04-01",
    "dayName": "Today",
  },
  "type": "SET_DAY_COUNT",
}
`;
