// Jest Snapshot v1, https://goo.gl/fbAQLP

exports[`merchantActions should create an action for merchant change 1`] = `
Object {
  "payload": Object {
    "id": 2,
    "name": "Test Merchant",
  },
  "type": "CHANGE_MERCHANT",
}
`;

exports[`merchantActions should create an action to fetch merchants 1`] = `
Object {
  "payload": Object {
    "email": "hello@gmail.com",
    "id": 1,
    "token": "1234",
  },
  "type": "FETCH_MERCHANTS",
}
`;

exports[`merchantActions should create an action to set failed  merchant response 1`] = `
Object {
  "error": true,
  "payload": [Error: Failed to fetch],
  "type": "SET_MERCHANTS",
}
`;

exports[`merchantActions should create an action to set merchant response 1`] = `
Object {
  "payload": Array [
    Object {
      "id": 1,
      "name": "Test merchant 1",
    },
    Object {
      "id": 2,
      "name": "Test Merchant 2",
    },
  ],
  "type": "SET_MERCHANTS",
}
`;
